10:59:13 **** Incremental Build of configuration Debug for project Delay_us ****
make -j4 all 
arm-none-eabi-gcc "../Core/Src/main.c" -mcpu=cortex-m3 -std=gnu11 -g3 -DDEBUG -DUSE_HAL_DRIVER -DSTM32F103xB -c -I../Core/Inc -I../Drivers/STM32F1xx_HAL_Driver/Inc/Legacy -I../Drivers/STM32F1xx_HAL_Driver/Inc -I../Drivers/CMSIS/Device/ST/STM32F1xx/Include -I../Drivers/CMSIS/Include -O0 -ffunction-sections -fdata-sections -Wall -fstack-usage -fcyclomatic-complexity -MMD -MP -MF"Core/Src/main.d" -MT"Core/Src/main.o" --specs=nano.specs -mfloat-abi=soft -mthumb -o "Core/Src/main.o"
../Core/Src/main.c: In function 'SystemClock_Config':
../Core/Src/main.c:49:9: warning: implicit declaration of function 'SystemClock_Config_Fallback_HSI' [-Wimplicit-function-declaration]
   49 |         SystemClock_Config_Fallback_HSI();
      |         ^~~~~~~~~~~~~~~~~~~~~~~~~~~~~~~
../Core/Src/main.c: At top level:
../Core/Src/main.c:66:6: warning: conflicting types for 'SystemClock_Config_Fallback_HSI'; have 'void(void)'
   66 | void SystemClock_Config_Fallback_HSI(void)
      |      ^~~~~~~~~~~~~~~~~~~~~~~~~~~~~~~
../Core/Src/main.c:49:9: note: previous implicit declaration of 'SystemClock_Config_Fallback_HSI' with type 'void(void)'
   49 |         SystemClock_Config_Fallback_HSI();
      |         ^~~~~~~~~~~~~~~~~~~~~~~~~~~~~~~
arm-none-eabi-gcc -o "Delay_us.elf" @"objects.list"   -mcpu=cortex-m3 -T"C:\Users\Reza\Documents\college\hacktoberfest\donut-test\Programing Language\Embedded\Stm32f103c8\Delay_us\STM32F103C8TX_FLASH.ld" --specs=nosys.specs -Wl,-Map="Delay_us.map" -Wl,--gc-sections -static --specs=nano.specs -mfloat-abi=soft -mthumb -Wl,--start-group -lc -lm -Wl,--end-group
Finished building target: Delay_us.elf
 
arm-none-eabi-size  Delay_us.elf 
arm-none-eabi-objdump -h -S Delay_us.elf  > "Delay_us.list"
   text	   data	    bss	    dec	    hex	filename
   4184	     12	   1572	   5768	   1688	Delay_us.elf
Finished building: default.size.stdout
 
Finished building: Delay_us.list
 
